// Jest Snapshot v1, https://goo.gl/fbAQLP

exports[`AcceptInvitationPage should render corectly 1`] = `
<form
  onSubmit={[Function]}
>
  <label
    htmlFor="password"
  >
    Password
  </label>
  <div
    className="form-group"
  >
    <Field
      className="form-control"
      component={[Function]}
      label="password"
      name="password"
      placeholder="Set your password"
      required={true}
      type="password"
    />
  </div>
  <button
    className="btn btn-primary"
    type="submit"
  >
    Accept Invitation
  </button>
</form>
`;
